// Jest Snapshot v1, https://goo.gl/fbAQLP

exports[`should render expense list with expenses 1`] = `
<div>
  404 - 
  <Link
    to="/"
  >
    Home
  </Link>
</div>
`;
